// Jest Snapshot v1, https://goo.gl/fbAQLP

exports[`ShowsContainer component test Check if the component changed 1`] = `
<div
  className="main-container"
>
  <div
    className="search-bar"
  >
    <form
      className="form"
    >
      <input
        className="search-box"
        onChange={[Function]}
        placeholder="Search by show name e.g(the 100)"
        type="search"
        value=""
      />
    </form>
  </div>
  <div
    className="cards-container"
  />
</div>
`;
